41.159.211.14
41.159.211.8
40.113.211.225
41.157.20.242
160.0.127.6
160.0.127.7
42.6.10.23
42.6.7.179
41.159.211.8
41.159.211.14
45.3.231.131
72.126.15.210
157.17.221.254
41.159.211.14
