236.157.211.10
236.157.211.12
237.113.211.225
236.159.20.242
0.0.127.6
0.0.127.7
238.6.10.23
238.6.7.179
236.157.211.12
236.157.211.10
233.3.231.131
136.126.15.210
61.17.221.254
236.157.211.10
