3c29:fb1a:b9fd:613c:e68:a03b:1efd:961f
3c29:fb1a:b9fd:613c:e68:a03b:1efd:961f
63cf:3bda:5768:b87b:ac8c:cc56:a43:5235
2cce:77ba:d5ad:16df:c119:68b2:2f0a:2518
17a3:94a6:da41:21f1:8fa6:bbe9:aa59:c001
1df2:1602:ce3f:5a8a:5da9:597:e43b:1bce
6cc:4a6d:2f3d:775b:cb88:ae6f:a8a2:6fc1
bbd:c302:a5f5:d85e:3308:768:2570:fa5f
dad:da60:80b0:bc67:c2c:7b50:3873:e40f
927:7fea:c099:b4df:4e9d:73ac:2d3f:eb06
1efb:a377:29d:3a2d:e8a6:eb59:a391:d621
3c29:fb1a:b9fd:613c:e68:a03b:1efd:961f
3c29:fb1a:b9fd:613c:e68:a03b:1efd:961f
1efb:a377:29d:3a2d:e8a6:eb59:a391:d621
3c29:fb1a:b9fd:613c:e68:a03b:1efd:961f
3c29:fb1a:b9fd:613c:e68:a03b:1efd:961f
8000:ce05:ee9:971:7f1f:1f8:ec7:c05b
8000:ce05:ee9:971:7f1f:1f8:ec7:c05f
8001:e9f8:3928:f76e:3f:3fc6:135:ffa4
8001:e9f8:3928:f76e:3f:3fc6:135:ffa7
20f1:f603:8e9:98c:3f5f:1f9:ffcf:bf99
20f1:f603:8e9:98c:3f5f:1f9:ffcf:bf9a
20f1:f603:8e9:98c:3f5f:1f9:ffcf:bf9b
20f1:f603:8e9:98c:3f5f:1f9:ffcf:bf9c
20f1:f603:8e9:6cb:803f:3e39:f134:3fb8
20f1:f603:8e9:6cb:803f:3e39:f134:3fba
20f1:f603:8e9:6cb:803f:3e39:f134:3fbb
20f1:f603:8e9:6cb:803f:3e39:f134:3fbf
